2026-09-01 22:06:26 id=1001 action=create_order
2026-09-01 22:27:26 id=1002 action=pay_order
2026-09-01 22:42:31 id=2001 action=task_1
2026-09-01 22:42:32 id=2002 action=task_2
2026-09-01 22:42:33 id=2003 action=task_3
2026-09-01 22:42:34 id=2004 action=task_4
2026-09-01 22:42:35 id=2005 action=task_5
2026-09-01 22:42:36 id=2006 action=task_6
2026-09-01 22:42:43 id=2001 action=task_1
2026-09-01 22:42:44 id=2002 action=task_2
2026-09-01 22:42:45 id=2003 action=task_3
2026-09-01 22:42:46 id=2004 action=task_4
2026-09-01 22:42:47 id=2005 action=task_5
2026-09-01 22:42:48 id=2006 action=task_6
2026-09-01 22:43:06 id=2001 action=task_1
2026-09-01 22:43:07 id=2002 action=task_2
2026-09-01 22:43:08 id=2003 action=task_3
2026-09-01 22:43:09 id=2004 action=task_4
2026-09-01 22:43:10 id=2005 action=task_5
2026-09-01 22:43:11 id=2006 action=task_6
2026-09-01 22:44:59 id=2001 action=task_1
2026-09-01 22:45:00 id=2002 action=task_2
2026-09-01 22:45:01 id=2003 action=task_3
2026-09-01 22:45:02 id=2004 action=task_4
2026-09-01 22:45:03 id=2005 action=task_5
2026-09-01 22:45:04 id=2006 action=task_6
2026-09-01 22:45:53 id=2001 action=task_1
2026-09-01 22:45:54 id=2002 action=task_2
2026-09-01 22:45:55 id=2003 action=task_3
2026-09-01 22:45:56 id=2004 action=task_4
2026-09-01 22:45:57 id=2005 action=task_5
2026-09-01 22:45:58 id=2006 action=task_6
2026-09-01 22:49:26 id=2001 action=task_1
2026-09-01 22:49:27 id=2002 action=task_2
2026-09-01 22:49:28 id=2003 action=task_3
2026-09-01 22:49:29 id=2004 action=task_4
2026-09-01 22:49:30 id=2005 action=task_5
2026-09-01 22:49:31 id=2006 action=task_6
2026-09-01 22:49:32 id=2007 action=task_7
2026-09-01 22:49:33 id=2008 action=task_8
2026-09-01 22:49:34 id=2009 action=task_9
2026-09-01 22:49:35 id=2010 action=task_10
2026-09-01 22:49:36 id=2011 action=task_11
2026-09-01 22:49:37 id=2012 action=task_12
2026-09-01 22:49:38 id=2013 action=task_13
2026-09-01 22:49:39 id=2014 action=task_14
2026-09-01 22:49:40 id=2015 action=task_15
2026-09-01 22:49:41 id=2016 action=task_16
2026-09-01 22:49:42 id=2017 action=task_17
2026-09-01 22:49:43 id=2018 action=task_18
2026-09-01 22:49:44 id=2019 action=task_19
2026-09-01 22:49:45 id=2020 action=task_20
2026-09-01 22:56:57 id=2001 action=task_1
2026-09-01 22:56:58 id=2002 action=task_2
2026-09-01 22:56:59 id=2003 action=task_3
2026-09-01 22:57:00 id=2004 action=task_4
2026-09-01 22:57:01 id=2005 action=task_5
2026-09-01 22:57:02 id=2006 action=task_6
2026-09-01 22:57:03 id=2007 action=task_7
2026-09-01 22:57:04 id=2008 action=task_8
2026-09-01 22:57:05 id=2009 action=task_9
2026-09-01 22:57:06 id=2010 action=task_10
2026-09-01 22:57:07 id=2011 action=task_11
2026-09-01 22:57:08 id=2012 action=task_12
2026-09-01 22:57:09 id=2013 action=task_13
2026-09-01 22:57:10 id=2014 action=task_14
2026-09-01 22:57:11 id=2015 action=task_15
2026-09-01 22:57:12 id=2016 action=task_16
2026-09-01 22:57:13 id=2017 action=task_17
2026-09-01 22:57:14 id=2018 action=task_18
2026-09-01 22:57:15 id=2019 action=task_19
2026-09-01 22:57:16 id=2020 action=task_20
2026-09-01 22:59:02 id=2001 action=task_1
2026-09-01 22:59:03 id=2002 action=task_2
2026-09-01 22:59:04 id=2003 action=task_3
2026-09-01 22:59:05 id=2004 action=task_4
2026-09-01 22:59:06 id=2005 action=task_5
2026-09-01 22:59:07 id=2006 action=task_6
2026-09-01 22:59:08 id=2007 action=task_7
2026-09-01 22:59:09 id=2008 action=task_8
2026-09-01 22:59:10 id=2009 action=task_9
2026-09-01 22:59:11 id=2010 action=task_10
2026-09-01 22:59:12 id=2011 action=task_11
2026-09-01 22:59:13 id=2012 action=task_12
2026-09-01 22:59:14 id=2013 action=task_13
2026-09-01 22:59:15 id=2014 action=task_14
2026-09-01 22:59:16 id=2015 action=task_15
2026-09-01 22:59:17 id=2016 action=task_16
2026-09-01 22:59:18 id=2017 action=task_17
2026-09-01 22:59:19 id=2018 action=task_18
2026-09-01 22:59:20 id=2019 action=task_19
2026-09-01 22:59:21 id=2020 action=task_20
2026-09-01 23:00:43 id=3001 action=continuous_task_1
2026-09-01 23:00:44 id=3002 action=continuous_task_2
2026-09-01 23:00:45 id=3003 action=continuous_task_3
2026-09-01 23:00:46 id=3004 action=continuous_task_4
2026-09-01 23:00:47 id=3005 action=continuous_task_5
2026-09-01 23:00:48 id=3006 action=continuous_task_6
2026-09-01 23:00:49 id=3007 action=continuous_task_7
2026-09-01 23:00:50 id=3008 action=continuous_task_8
2026-09-01 23:00:51 id=3009 action=continuous_task_9
2026-09-01 23:00:52 id=3010 action=continuous_task_10
2026-09-01 23:00:53 id=3011 action=continuous_task_11
2026-09-01 23:00:54 id=3012 action=continuous_task_12
2026-09-01 23:00:55 id=3013 action=continuous_task_13
2026-09-01 23:00:56 id=3014 action=continuous_task_14
2026-09-01 23:00:57 id=3015 action=continuous_task_15
2026-09-02 20:37:43 id=4001 action=shutdown_task_1
2026-09-02 20:43:53 id=4001 action=shutdown_task_1
2026-09-02 20:43:54 id=4002 action=shutdown_task_2
2026-09-02 20:43:55 id=4003 action=shutdown_task_3
2026-09-02 20:43:56 id=4004 action=shutdown_task_4
2026-09-02 20:43:57 id=4005 action=shutdown_task_5
2026-09-02 20:43:58 id=4006 action=shutdown_task_6
2026-09-02 20:43:59 id=4007 action=shutdown_task_7
2026-09-02 20:44:00 id=4008 action=shutdown_task_8
2026-09-02 20:44:01 id=4009 action=shutdown_task_9
2026-09-02 20:44:02 id=4010 action=shutdown_task_10
